// Jest Snapshot v1, https://goo.gl/fbAQLP

exports[`Root should match the snapshot 1`] = `
<BrowserRouter>
  <Provider>
    <App
      routes={Array []}
    />
  </Provider>
</BrowserRouter>
`;
