// Jest Snapshot v1, https://goo.gl/fbAQLP

exports[`ProtectedRoute should match the snapshot 1`] = `<[object Object] />`;
